// Jest Snapshot v1, https://goo.gl/fbAQLP

exports[`It should always render a div 1`] = `
<div
  className="Card"
>
  <h3>
    Google Pixel
  </h3>
  <p>
    Copper mug pork belly skateboard, freegan echo park fixie stumptown. Celiac banh mi tumblr fanny pack, intelligentsia live-edge glossier skill. Fanny pack pinterest celiac raw denim. Venmo master cleanse seitan williamsburg fab, mixtape sriracha synth lyft.
  </p>
  <button
    className="Button Button--primary"
    onClick={[Function]}
  >
    button inside a card
  </button>
</div>
`;
